// Jest Snapshot v1, https://goo.gl/fbAQLP

exports[`AppComponent dovrebbe renderizzare correttamente in \`debug\` mode 1`] = `ShallowWrapper {}`;

exports[`Searchbar Testing renderizza correttamente un testo 1`] = `ShallowWrapper {}`;

exports[`Searchbar Testing stato iniziale della query Ã¨ una stringa 1`] = `ShallowWrapper {}`;
